{
  "value": {
    "type": "folder",
    "nodes": [
      {
        "icon": "apk",
        "t": 0,
        "id": "i2bNL3pnczyd",
        "name_all": "E站_2.0.1.7【会员】.apk",
        "size": "26.5 M",
        "time": "5 天前",
        "duan": "i3pnczy",
        "p_ico": 1,
        "ico": "2026/05/17/286672643-25.png",
        "shareUrl": "https://yxlzy.lanzoue.com/i2bNL3pnczyd"
      },
      {
        "icon": "apk",
        "t": 0,
        "id": "iZDX83ob4emj",
        "name_all": "Han1meViewer_0.24.0【会员】.apk",
        "size": "40.4 M",
        "time": "23 天前",
        "duan": "i3ob4em",
        "p_ico": 1,
        "ico": "2026/04/29/284422019-73.png",
        "shareUrl": "https://yxlzy.lanzoue.com/iZDX83ob4emj"
      },
      {
        "icon": "apk",
        "t": 0,
        "id": "id6p13ob0qkf",
        "name_all": "EhViewer_2.0.1.6【会员】.apk",
        "size": "26.4 M",
        "time": "23 天前",
        "duan": "i3ob0qk",
        "p_ico": 1,
        "ico": "2026/04/29/284417265-18.png",
        "shareUrl": "https://yxlzy.lanzoue.com/id6p13ob0qkf"
      },
      {
        "icon": "apk",
        "t": 0,
        "id": "iE9jK3o75vta",
        "name_all": "影视坊_1.2.2【会员】.apk",
        "size": "12.7 M",
        "time": "24 天前",
        "duan": "i3o75vt",
        "p_ico": 1,
        "ico": "2026/04/28/284237310-25.png",
        "shareUrl": "https://yxlzy.lanzoue.com/iE9jK3o75vta"
      },
      {
        "icon": "apk",
        "t": 0,
        "id": "i5WFt3mckgji",
        "name_all": "影视坊_1.2.1【会员】.apk",
        "size": "13.9 M",
        "time": "2026-04-03",
        "duan": "i3mckgj",
        "p_ico": 1,
        "ico": "2026/04/03/281130248-38.png",
        "shareUrl": "https://yxlzy.lanzoue.com/i5WFt3mckgji"
      },
      {
        "icon": "apk",
        "t": 0,
        "id": "iJdi53hxfyra",
        "name_all": "顶通H漫_1.2.1【会员】.apk",
        "size": "31.6 M",
        "time": "2026-02-06",
        "duan": "i3hxfyr",
        "p_ico": 1,
        "ico": "2026/02/06/273706120-31.png",
        "shareUrl": "https://yxlzy.lanzoue.com/iJdi53hxfyra"
      },
      {
        "icon": "apk",
        "t": 0,
        "id": "iZ48W3fosi4d",
        "name_all": "影视坊_1.1.8【会员】.apk",
        "size": "13.9 M",
        "time": "2026-01-09",
        "duan": "i3fosi4",
        "p_ico": 1,
        "ico": "2026/01/09/269943233-87.png",
        "shareUrl": "https://yxlzy.lanzoue.com/iZ48W3fosi4d"
      },
      {
        "icon": "apk",
        "t": 0,
        "id": "iT0Zk3dpjp3e",
        "name_all": "JMComic3_2.0.13【会员】.apk",
        "size": "29.8 M",
        "time": "2025-12-15",
        "duan": "i3dpjp3",
        "p_ico": 1,
        "ico": "2025/12/15/266619244-23.png",
        "shareUrl": "https://yxlzy.lanzoue.com/iT0Zk3dpjp3e"
      },
      {
        "icon": "apk",
        "t": 0,
        "id": "iawgY3dph4dg",
        "name_all": "影视坊_1.7【会员】.apk",
        "size": "14.0 M",
        "time": "2025-12-15",
        "duan": "i3dph4d",
        "p_ico": 1,
        "ico": "2025/12/15/266615906-66.png",
        "shareUrl": "https://yxlzy.lanzoue.com/iawgY3dph4dg"
      },
      {
        "icon": "apk",
        "t": 0,
        "id": "ikxj33cimrdg",
        "name_all": "爆走黑料_3.0.6【会员】.apk",
        "size": "35.3 M",
        "time": "2025-11-30",
        "duan": "i3cimrd",
        "p_ico": 1,
        "ico": "2025/11/30/264617006-57.png",
        "shareUrl": "https://yxlzy.lanzoue.com/ikxj33cimrdg"
      },
      {
        "icon": "apk",
        "t": 0,
        "id": "iRa7H3bwu0zc",
        "name_all": "影视坊_1.1.6【会员】.apk",
        "size": "13.8 M",
        "time": "2025-11-23",
        "duan": "i3bwu0z",
        "p_ico": 1,
        "ico": "2025/11/23/263599992-23.png",
        "shareUrl": "https://yxlzy.lanzoue.com/iRa7H3bwu0zc"
      },
      {
        "icon": "apk",
        "t": 0,
        "id": "iR08D3bpjwsj",
        "name_all": "91看篇_1.0.4【会员】.apk",
        "size": "17.9 M",
        "time": "2025-11-21",
        "duan": "i3bpjws",
        "p_ico": 1,
        "ico": "2025/11/21/263260289-66.png",
        "shareUrl": "https://yxlzy.lanzoue.com/iR08D3bpjwsj"
      },
      {
        "icon": "apk",
        "t": 0,
        "id": "iHOYB3azhwcf",
        "name_all": "杏吧_1.2.7【会员】.apk",
        "size": "18.4 M",
        "time": "2025-11-13",
        "duan": "i3azhwc",
        "p_ico": 1,
        "ico": "2025/11/13/262044625-23.png",
        "shareUrl": "https://yxlzy.lanzoue.com/iHOYB3azhwcf"
      },
      {
        "icon": "apk",
        "t": 0,
        "id": "ikGFy3alqobg",
        "name_all": "影视坊1.1.5【会员】.apk",
        "size": "11.3 M",
        "time": "2025-11-09",
        "duan": "i3alqob",
        "p_ico": 1,
        "ico": "2025/11/09/261402816-46.png",
        "shareUrl": "https://yxlzy.lanzoue.com/ikGFy3alqobg"
      },
      {
        "icon": "apk",
        "t": 0,
        "id": "iOqi539ergxi",
        "name_all": "影视坊_1.1.4【会员】.apk",
        "size": "11.3 M",
        "time": "2025-10-26",
        "duan": "i39ergx",
        "p_ico": 1,
        "ico": "2025/10/26/259397638-84.png",
        "shareUrl": "https://yxlzy.lanzoue.com/iOqi539ergxi"
      },
      {
        "icon": "apk",
        "t": 0,
        "id": "ieYeN38i2a8f",
        "name_all": "JHenTai E站第三方客户端【会员】.apk",
        "size": "13.6 M",
        "time": "2025-10-15",
        "duan": "i38i2a8",
        "p_ico": 1,
        "ico": "2025/10/15/257872005-61.png",
        "shareUrl": "https://yxlzy.lanzoue.com/ieYeN38i2a8f"
      },
      {
        "icon": "apk",
        "t": 0,
        "id": "iRETu38i1xod",
        "name_all": "EhViewer_2.0.0.4【会员】.apk",
        "size": "17.7 M",
        "time": "2025-10-15",
        "duan": "i38i1xo",
        "p_ico": 1,
        "ico": "2025/10/15/257871553-61.png",
        "shareUrl": "https://yxlzy.lanzoue.com/iRETu38i1xod"
      },
      {
        "icon": "apk",
        "t": 0,
        "id": "iOm0M37zk1sf",
        "name_all": "JMComic3v2.0.11【会员】.apk",
        "size": "29.3 M",
        "time": "2025-10-09",
        "duan": "i37zk1s",
        "p_ico": 1,
        "ico": "2025/10/09/257008565-31.png",
        "shareUrl": "https://yxlzy.lanzoue.com/iOm0M37zk1sf"
      },
      {
        "icon": "apk",
        "t": 0,
        "id": "iV9mh37zj21i",
        "name_all": "黄色仓库_2.4.8【会员】.apk",
        "size": "21.4 M",
        "time": "2025-10-09",
        "duan": "i37zj21",
        "p_ico": 1,
        "ico": "2025/10/09/257007278-34.png",
        "shareUrl": "https://yxlzy.lanzoue.com/iV9mh37zj21i"
      },
      {
        "icon": "apk",
        "t": 0,
        "id": "ipMHb3764s6f",
        "name_all": "视频_3.3.1【会员】.apk",
        "size": "21.2 M",
        "time": "2025-09-28",
        "duan": "i3764s6",
        "p_ico": 1,
        "ico": "2025/09/28/255635755-43.png",
        "shareUrl": "https://yxlzy.lanzoue.com/ipMHb3764s6f"
      },
      {
        "icon": "apk",
        "t": 0,
        "id": "iwvaA369h0gh",
        "name_all": "白嫖之家_2.2.5【会员】.apk",
        "size": "18.9 M",
        "time": "2025-09-15",
        "duan": "i369h0g",
        "p_ico": 1,
        "ico": "2025/09/15/254111957-67.png",
        "shareUrl": "https://yxlzy.lanzoue.com/iwvaA369h0gh"
      },
      {
        "icon": "apk",
        "t": 0,
        "id": "imsaR35smj9c",
        "name_all": "抖漫_3.30【会员】.apk",
        "size": "23.7 M",
        "time": "2025-09-09",
        "duan": "i35smj9",
        "p_ico": 1,
        "ico": "2025/09/09/253325962-67.png",
        "shareUrl": "https://yxlzy.lanzoue.com/imsaR35smj9c"
      },
      {
        "icon": "apk",
        "t": 0,
        "id": "i0Ut635dhe6j",
        "name_all": "Spermatid Pro_6.4.5【会员】.apk",
        "size": "44.4 M",
        "time": "2025-09-04",
        "duan": "i35dhe6",
        "p_ico": 1,
        "ico": "2025/09/04/252619459-68.png",
        "shareUrl": "https://yxlzy.lanzoue.com/i0Ut635dhe6j"
      },
      {
        "icon": "apk",
        "t": 0,
        "id": "iLGvE350aq0f",
        "name_all": "豆瓣影视1.1.0【会员】.apk",
        "size": "28.4 M",
        "time": "2025-08-31",
        "duan": "i350aq0",
        "p_ico": 1,
        "ico": "2025/08/31/252004285-58.png",
        "shareUrl": "https://yxlzy.lanzoue.com/iLGvE350aq0f"
      },
      {
        "icon": "apk",
        "t": 0,
        "id": "iLVgd34kdpmd",
        "name_all": "小罗利【会员】免费活动结束.apk",
        "size": "26.6 M",
        "time": "2025-08-26",
        "duan": "i34kdpm",
        "p_ico": 1,
        "ico": "2025/08/26/251261663-63.png",
        "shareUrl": "https://yxlzy.lanzoue.com/iLVgd34kdpmd"
      },
      {
        "icon": "apk",
        "t": 0,
        "id": "iUE6n344c2gh",
        "name_all": "色界2.2.0【会员】.apk",
        "size": "30.8 M",
        "time": "2025-08-21",
        "duan": "i344c2g",
        "p_ico": 1,
        "ico": "2025/08/21/250513037-36.png",
        "shareUrl": "https://yxlzy.lanzoue.com/iUE6n344c2gh"
      },
      {
        "icon": "apk",
        "t": 0,
        "id": "itXTv33miccb",
        "name_all": "Umate_1.0.2【会员】.apk",
        "size": "26.7 M",
        "time": "2025-08-15",
        "duan": "i33micc",
        "p_ico": 1,
        "ico": "2025/08/15/249681361-68.png",
        "shareUrl": "https://yxlzy.lanzoue.com/itXTv33miccb"
      },
      {
        "icon": "apk",
        "t": 0,
        "id": "igyb933mfp0j",
        "name_all": "EhViewer-1.9.9.17【会员】.apk",
        "size": "22.9 M",
        "time": "2025-08-15",
        "duan": "i33mfp0",
        "p_ico": 1,
        "ico": "2025/08/15/249677929-41.png",
        "shareUrl": "https://yxlzy.lanzoue.com/igyb933mfp0j"
      },
      {
        "icon": "apk",
        "t": 0,
        "id": "iTnXv32tzmli",
        "name_all": "Spermatid Pro 6.4.4【会员】.apk",
        "size": "89.3 M",
        "time": "2025-08-07",
        "duan": "i32tzml",
        "p_ico": 1,
        "ico": "2025/08/07/248350738-52.png",
        "shareUrl": "https://yxlzy.lanzoue.com/iTnXv32tzmli"
      },
      {
        "icon": "apk",
        "t": 0,
        "id": "igdda32svhvi",
        "name_all": "AcFan_1.7.0【会员】.apk",
        "size": "23.9 M",
        "time": "2025-08-06",
        "duan": "i32svhv",
        "p_ico": 1,
        "ico": "2025/08/06/248298728-36.png",
        "shareUrl": "https://yxlzy.lanzoue.com/igdda32svhvi"
      },
      {
        "icon": "apk",
        "t": 0,
        "id": "iQpeX32mfxde",
        "name_all": "禁漫2_1.8.1【会员】.apk",
        "size": "30.8 M",
        "time": "2025-08-04",
        "duan": "i32mfxd",
        "p_ico": 1,
        "ico": "2025/08/04/247998614-75.png",
        "shareUrl": "https://yxlzy.lanzoue.com/iQpeX32mfxde"
      },
      {
        "icon": "apk",
        "t": 0,
        "id": "igK2m32ifmub",
        "name_all": "禁漫3_2.0.3【会员】.apk",
        "size": "33.2 M",
        "time": "2025-08-03",
        "duan": "i32ifmu",
        "p_ico": 1,
        "ico": "2025/08/03/247811611-67.png",
        "shareUrl": "https://yxlzy.lanzoue.com/igK2m32ifmub"
      },
      {
        "icon": "apk",
        "t": 0,
        "id": "iz1rf3220hfa",
        "name_all": "爱情岛【会员】.apk",
        "size": "18.3 M",
        "time": "2025-07-28",
        "duan": "i3220hf",
        "p_ico": 1,
        "ico": "2025/07/28/247045480-53.png",
        "shareUrl": "https://yxlzy.lanzoue.com/iz1rf3220hfa"
      },
      {
        "icon": "apk",
        "t": 0,
        "id": "iYPcQ31ne6zi",
        "name_all": "哔哩哔哩_9.9.9【会员】.apk",
        "size": "27.1 M",
        "time": "2025-07-22",
        "duan": "i31ne6z",
        "p_ico": 1,
        "ico": "2025/07/22/246363408-41.png",
        "shareUrl": "https://yxlzy.lanzoue.com/iYPcQ31ne6zi"
      },
      {
        "icon": "apk",
        "t": 0,
        "id": "iWbm331aimpa",
        "name_all": "抖漫_3.31【会员】.apk",
        "size": "25.9 M",
        "time": "2025-07-18",
        "duan": "i31aimp",
        "p_ico": 1,
        "ico": "2025/07/18/245762630-84.png",
        "shareUrl": "https://yxlzy.lanzoue.com/iWbm331aimpa"
      },
      {
        "icon": "apk",
        "t": 0,
        "id": "i4Vvj30s0p6d",
        "name_all": "色界_1.7.0【会员】.apk",
        "size": "25.3 M",
        "time": "2025-07-10",
        "duan": "i30s0p6",
        "p_ico": 1,
        "ico": "2025/07/10/244899583-51.png",
        "shareUrl": "https://yxlzy.lanzoue.com/i4Vvj30s0p6d"
      },
      {
        "icon": "apk",
        "t": 0,
        "id": "ivllk30lglda",
        "name_all": "Mifans_1.5.0【会员】.apk",
        "size": "51.6 M",
        "time": "2025-07-08",
        "duan": "i30lgld",
        "p_ico": 1,
        "ico": "2025/07/08/244593590-64.png",
        "shareUrl": "https://yxlzy.lanzoue.com/ivllk30lglda"
      },
      {
        "icon": "apk",
        "t": 0,
        "id": "i5Kzd2zzni5e",
        "name_all": "吵流短視频_5.7.0【会员】.apk",
        "size": "26.4 M",
        "time": "2025-06-30",
        "duan": "i2zzni5",
        "p_ico": 1,
        "ico": "2025/06/30/243576114-78.png",
        "shareUrl": "https://yxlzy.lanzoue.com/i5Kzd2zzni5e"
      },
      {
        "icon": "apk",
        "t": 0,
        "id": "izijL2zezsid",
        "name_all": "撸啊撸_2.1.1【会员】.apk",
        "size": "26.4 M",
        "time": "2025-06-23",
        "duan": "i2zezsi",
        "p_ico": 1,
        "ico": "2025/06/23/242612263-17.png",
        "shareUrl": "https://yxlzy.lanzoue.com/izijL2zezsid"
      },
      {
        "icon": "apk",
        "t": 0,
        "id": "itu7e2z2jpdc",
        "name_all": "漫漫擼2_1.5.16【会员】.apk",
        "size": "23.4 M",
        "time": "2025-06-18",
        "duan": "i2z2jpd",
        "p_ico": 1,
        "ico": "2025/06/18/242031542-76.png",
        "shareUrl": "https://yxlzy.lanzoue.com/itu7e2z2jpdc"
      },
      {
        "icon": "apk",
        "t": 0,
        "id": "iGYTd2ym4e3a",
        "name_all": "SA国际_1.0.1【会员】.apk",
        "size": "56.4 M",
        "time": "2025-06-12",
        "duan": "i2ym4e3",
        "p_ico": 1,
        "ico": "2025/06/12/241265200-25.png",
        "shareUrl": "https://yxlzy.lanzoue.com/iGYTd2ym4e3a"
      },
      {
        "icon": "apk",
        "t": 0,
        "id": "iIcYm2yd2u4b",
        "name_all": "小红书_1.3.0【会员】.apk",
        "size": "32.2 M",
        "time": "2025-06-08",
        "duan": "i2yd2u4",
        "p_ico": 1,
        "ico": "2025/06/08/240843281-75.png",
        "shareUrl": "https://yxlzy.lanzoue.com/iIcYm2yd2u4b"
      },
      {
        "icon": "apk",
        "t": 0,
        "id": "imm4y2y1yycd",
        "name_all": "acfan_1.5.7【会员】.apk",
        "size": "22.3 M",
        "time": "2025-06-04",
        "duan": "i2y1yyc",
        "p_ico": 1,
        "ico": "2025/06/04/240325033-37.png",
        "shareUrl": "https://yxlzy.lanzoue.com/imm4y2y1yycd"
      },
      {
        "icon": "apk",
        "t": 0,
        "id": "imDPv2xwhzej",
        "name_all": "EhViewer_1.9.9.12【会员】.apk",
        "size": "15.2 M",
        "time": "2025-06-03",
        "duan": "i2xwhze",
        "p_ico": 1,
        "ico": "2025/06/03/240069759-22.png",
        "shareUrl": "https://yxlzy.lanzoue.com/imDPv2xwhzej"
      },
      {
        "icon": "apk",
        "t": 0,
        "id": "iIRgk2xc6isf",
        "name_all": "抖漫_1.4【会员】.apk",
        "size": "40.4 M",
        "time": "2025-05-27",
        "duan": "i2xc6is",
        "p_ico": 1,
        "ico": "2025/05/27/239121785-16.png",
        "shareUrl": "https://yxlzy.lanzoue.com/iIRgk2xc6isf"
      },
      {
        "icon": "apk",
        "t": 0,
        "id": "iePE42x0j9ed",
        "name_all": "JMComic2_1.8.0【会员】.apk",
        "size": "30.8 M",
        "time": "2025-05-23",
        "duan": "i2x0j9e",
        "p_ico": 1,
        "ico": "2025/05/23/238578423-56.png",
        "shareUrl": "https://yxlzy.lanzoue.com/iePE42x0j9ed"
      },
      {
        "icon": "apk",
        "t": 0,
        "id": "i3vgl2wpn47e",
        "name_all": "色界_1.3.0【会员】.apk",
        "size": "21.2 M",
        "time": "2025-05-20",
        "duan": "i2wpn47",
        "p_ico": 1,
        "ico": "2025/05/20/238070204-18.png",
        "shareUrl": "https://yxlzy.lanzoue.com/i3vgl2wpn47e"
      },
      {
        "icon": "apk",
        "t": 0,
        "id": "iM44k2wgx7ub",
        "name_all": "Spermatid Pro_6.4.1【会员】.apk",
        "size": "68.0 M",
        "time": "2025-05-17",
        "duan": "i2wgx7u",
        "p_ico": 1,
        "ico": "2025/05/17/237663391-52.png",
        "shareUrl": "https://yxlzy.lanzoue.com/iM44k2wgx7ub"
      },
      {
        "icon": "apk",
        "t": 0,
        "id": "iEpqr2wgwqwb",
        "name_all": "谜漫画_9.9.9【会员】.apk",
        "size": "27.4 M",
        "time": "2025-05-17",
        "duan": "i2wgwqw",
        "p_ico": 1,
        "ico": "2025/05/17/237662781-37.png",
        "shareUrl": "https://yxlzy.lanzoue.com/iEpqr2wgwqwb"
      },
      {
        "icon": "apk",
        "t": 0,
        "id": "ieA6F2w0qqna",
        "name_all": "影视坊【会员】.apk",
        "size": "27.3 M",
        "time": "2025-05-12",
        "duan": "i2w0qqn",
        "p_ico": 1,
        "ico": "2025/05/12/236908500-14.png",
        "shareUrl": "https://yxlzy.lanzoue.com/ieA6F2w0qqna"
      }
    ]
  }
}
